✅[OK] === Database connection established ===
✅[OK] === File berhasil dimuat: yellow_tripdata_2026-01.parquet ===
✅[OK] === Data berhasil dimuat ke tabel bronze.yellow_taxi_trip ===
✅[OK] === File berhasil dimuat: taxi_zone_lookup_table.csv ===
✅[OK] === Data berhasil dimuat ke tabel bronze.taxi_zone_lookup ===
2026-07-04 14:47:28 PIPELINE START
2026-07-04 14:47:28 START main
✅[OK] === Database connection established ===
✅[OK] === File berhasil dimuat: yellow_tripdata_2026-01.parquet ===
✅[OK] === Data berhasil dimuat ke tabel bronze.yellow_taxi_trip ===
✅[OK] === File berhasil dimuat: taxi_zone_lookup_table.csv ===
Traceback (most recent call last):
  File "/Library/Frameworks/Python.framework/Versions/3.14/lib/python3.14/site-packages/sqlalchemy/engine/base.py", line 2127, in _exec_insertmany_context
    dialect.do_execute(
    ~~~~~~~~~~~~~~~~~~^
        cursor,
        ^^^^^^^
    ...<2 lines>...
        context,
        ^^^^^^^^
    )
    ^
  File "/Library/Frameworks/Python.framework/Versions/3.14/lib/python3.14/site-packages/sqlalchemy/engine/default.py", line 952, in do_execute
    cursor.execute(statement, parameters)
    ~~~~~~~~~~~~~~^^^^^^^^^^^^^^^^^^^^^^^
psycopg2.errors.UniqueViolation: duplicate key value violates unique constraint "taxi_zone_lookup_pkey"
DETAIL:  Key (locationid)=(1) already exists.


The above exception was the direct cause of the following exception:

Traceback (most recent call last):
  File "/Library/Frameworks/Python.framework/Versions/3.14/lib/python3.14/site-packages/pandas/io/sql.py", line 1679, in execute
    return execute_function(sql, *args)
  File "/Library/Frameworks/Python.framework/Versions/3.14/lib/python3.14/site-packages/sqlalchemy/engine/base.py", line 1421, in execute
    return meth(
        self,
        distilled_parameters,
        execution_options or NO_OPTIONS,
    )
  File "/Library/Frameworks/Python.framework/Versions/3.14/lib/python3.14/site-packages/sqlalchemy/sql/elements.py", line 526, in _execute_on_connection
    return connection._execute_clauseelement(
           ~~~~~~~~~~~~~~~~~~~~~~~~~~~~~~~~~^
        self, distilled_params, execution_options
        ^^^^^^^^^^^^^^^^^^^^^^^^^^^^^^^^^^^^^^^^^
    )
    ^
  File "/Library/Frameworks/Python.framework/Versions/3.14/lib/python3.14/site-packages/sqlalchemy/engine/base.py", line 1643, in _execute_clauseelement
    ret = self._execute_context(
        dialect,
    ...<8 lines>...
        cache_hit=cache_hit,
    )
  File "/Library/Frameworks/Python.framework/Versions/3.14/lib/python3.14/site-packages/sqlalchemy/engine/base.py", line 1846, in _execute_context
    return self._exec_insertmany_context(dialect, context)
           ~~~~~~~~~~~~~~~~~~~~~~~~~~~~~^^^^^^^^^^^^^^^^^^
  File "/Library/Frameworks/Python.framework/Versions/3.14/lib/python3.14/site-packages/sqlalchemy/engine/base.py", line 2135, in _exec_insertmany_context
    self._handle_dbapi_exception(
    ~~~~~~~~~~~~~~~~~~~~~~~~~~~~^
        e,
        ^^
    ...<4 lines>...
        is_sub_exec=True,
        ^^^^^^^^^^^^^^^^^
    )
    ^
  File "/Library/Frameworks/Python.framework/Versions/3.14/lib/python3.14/site-packages/sqlalchemy/engine/base.py", line 2365, in _handle_dbapi_exception
    raise sqlalchemy_exception.with_traceback(exc_info[2]) from e
  File "/Library/Frameworks/Python.framework/Versions/3.14/lib/python3.14/site-packages/sqlalchemy/engine/base.py", line 2127, in _exec_insertmany_context
    dialect.do_execute(
    ~~~~~~~~~~~~~~~~~~^
        cursor,
        ^^^^^^^
    ...<2 lines>...
        context,
        ^^^^^^^^
    )
    ^
  File "/Library/Frameworks/Python.framework/Versions/3.14/lib/python3.14/site-packages/sqlalchemy/engine/default.py", line 952, in do_execute
    cursor.execute(statement, parameters)
    ~~~~~~~~~~~~~~^^^^^^^^^^^^^^^^^^^^^^^
sqlalchemy.exc.IntegrityError: (psycopg2.errors.UniqueViolation) duplicate key value violates unique constraint "taxi_zone_lookup_pkey"
DETAIL:  Key (locationid)=(1) already exists.

[SQL: INSERT INTO bronze.taxi_zone_lookup (locationid, borough, zone, service_zone) VALUES (%(locationid__0)s, %(borough__0)s, %(zone__0)s, %(service_zone__0)s), (%(locationid__1)s, %(borough__1)s, %(zone__1)s, %(service_zone__1)s), (%(locationid__2)s, %(b ... 20228 characters truncated ... (service_zone__263)s), (%(locationid__264)s, %(borough__264)s, %(zone__264)s, %(service_zone__264)s)]
[parameters: {'borough__0': 'EWR', 'service_zone__0': 'EWR', 'zone__0': 'Newark Airport', 'locationid__0': 1, 'borough__1': 'Queens', 'service_zone__1': 'Boro Zone', 'zone__1': 'Jamaica Bay', 'locationid__1': 2, 'borough__2': 'Bronx', 'service_zone__2': 'Boro Zone', 'zone__2': 'Allerton/Pelham Gardens', 'locationid__2': 3, 'borough__3': 'Manhattan', 'service_zone__3': 'Yellow Zone', 'zone__3': 'Alphabet City', 'locationid__3': 4, 'borough__4': 'Staten Island', 'service_zone__4': 'Boro Zone', 'zone__4': 'Arden Heights', 'locationid__4': 5, 'borough__5': 'Staten Island', 'service_zone__5': 'Boro Zone', 'zone__5': 'Arrochar/Fort Wadsworth', 'locationid__5': 6, 'borough__6': 'Queens', 'service_zone__6': 'Boro Zone', 'zone__6': 'Astoria', 'locationid__6': 7, 'borough__7': 'Queens', 'service_zone__7': 'Boro Zone', 'zone__7': 'Astoria Park', 'locationid__7': 8, 'borough__8': 'Queens', 'service_zone__8': 'Boro Zone', 'zone__8': 'Auburndale', 'locationid__8': 9, 'borough__9': 'Queens', 'service_zone__9': 'Boro Zone', 'zone__9': 'Baisley Park', 'locationid__9': 10, 'borough__10': 'Brooklyn', 'service_zone__10': 'Boro Zone', 'zone__10': 'Bath Beach', 'locationid__10': 11, 'borough__11': 'Manhattan', 'service_zone__11': 'Yellow Zone', 'zone__11': 'Battery Park', 'locationid__11': 12, 'borough__12': 'Manhattan', 'service_zone__12': 'Yellow Zone' ... 960 parameters truncated ... 'zone__252': 'Willets Point', 'locationid__252': 253, 'borough__253': 'Bronx', 'service_zone__253': 'Boro Zone', 'zone__253': 'Williamsbridge/Olinville', 'locationid__253': 254, 'borough__254': 'Brooklyn', 'service_zone__254': 'Boro Zone', 'zone__254': 'Williamsburg (North Side)', 'locationid__254': 255, 'borough__255': 'Brooklyn', 'service_zone__255': 'Boro Zone', 'zone__255': 'Williamsburg (South Side)', 'locationid__255': 256, 'borough__256': 'Brooklyn', 'service_zone__256': 'Boro Zone', 'zone__256': 'Windsor Terrace', 'locationid__256': 257, 'borough__257': 'Queens', 'service_zone__257': 'Boro Zone', 'zone__257': 'Woodhaven', 'locationid__257': 258, 'borough__258': 'Bronx', 'service_zone__258': 'Boro Zone', 'zone__258': 'Woodlawn/Wakefield', 'locationid__258': 259, 'borough__259': 'Queens', 'service_zone__259': 'Boro Zone', 'zone__259': 'Woodside', 'locationid__259': 260, 'borough__260': 'Manhattan', 'service_zone__260': 'Yellow Zone', 'zone__260': 'World Trade Center', 'locationid__260': 261, 'borough__261': 'Manhattan', 'service_zone__261': 'Yellow Zone', 'zone__261': 'Yorkville East', 'locationid__261': 262, 'borough__262': 'Manhattan', 'service_zone__262': 'Yellow Zone', 'zone__262': 'Yorkville West', 'locationid__262': 263, 'borough__263': 'Unknown', 'service_zone__263': None, 'zone__263': None, 'locationid__263': 264, 'borough__264': None, 'service_zone__264': None, 'zone__264': 'Outside of NYC', 'locationid__264': 265}]
(Background on this error at: https://sqlalche.me/e/20/gkpj)

The above exception was the direct cause of the following exception:

Traceback (most recent call last):
  File "/Users/anninditas/Desktop/Purwadhika/JCDEAH-009/Capstone02/main.py", line 26, in <module>
    bronze_loader.load_to_database(df2, "taxi_zone_lookup")
    ~~~~~~~~~~~~~~~~~~~~~~~~~~~~~~^^^^^^^^^^^^^^^^^^^^^^^^^
  File "/Users/anninditas/Desktop/Purwadhika/JCDEAH-009/Capstone02/scripts/etl.py", line 36, in load_to_database
    df.to_sql(table_name, con=self.engine, schema=schema, if_exists="append", index=False)
    ~~~~~~~~~^^^^^^^^^^^^^^^^^^^^^^^^^^^^^^^^^^^^^^^^^^^^^^^^^^^^^^^^^^^^^^^^^^^^^^^^^^^^^
  File "/Library/Frameworks/Python.framework/Versions/3.14/lib/python3.14/site-packages/pandas/core/generic.py", line 3052, in to_sql
    return sql.to_sql(
           ~~~~~~~~~~^
        self,
        ^^^^^
    ...<8 lines>...
        method=method,
        ^^^^^^^^^^^^^^
    )
    ^
  File "/Library/Frameworks/Python.framework/Versions/3.14/lib/python3.14/site-packages/pandas/io/sql.py", line 841, in to_sql
    return pandas_sql.to_sql(
           ~~~~~~~~~~~~~~~~~^
        frame,
        ^^^^^^
    ...<9 lines>...
        **engine_kwargs,
        ^^^^^^^^^^^^^^^^
    )
    ^
  File "/Library/Frameworks/Python.framework/Versions/3.14/lib/python3.14/site-packages/pandas/io/sql.py", line 2037, in to_sql
    total_inserted = sql_engine.insert_records(
        table=table,
    ...<7 lines>...
        **engine_kwargs,
    )
  File "/Library/Frameworks/Python.framework/Versions/3.14/lib/python3.14/site-packages/pandas/io/sql.py", line 1571, in insert_records
    return table.insert(chunksize=chunksize, method=method)
           ~~~~~~~~~~~~^^^^^^^^^^^^^^^^^^^^^^^^^^^^^^^^^^^^
  File "/Library/Frameworks/Python.framework/Versions/3.14/lib/python3.14/site-packages/pandas/io/sql.py", line 1122, in insert
    num_inserted = exec_insert(conn, keys, chunk_iter)
  File "/Library/Frameworks/Python.framework/Versions/3.14/lib/python3.14/site-packages/pandas/io/sql.py", line 1014, in _execute_insert
    result = self.pd_sql.execute(self.table.insert(), data)
  File "/Library/Frameworks/Python.framework/Versions/3.14/lib/python3.14/site-packages/pandas/io/sql.py", line 1681, in execute
    raise DatabaseError(f"Execution failed on sql '{sql}': {exc}") from exc
pandas.errors.DatabaseError: Execution failed on sql 'INSERT INTO bronze.taxi_zone_lookup (locationid, borough, zone, service_zone) VALUES (:locationid, :borough, :zone, :service_zone)': (psycopg2.errors.UniqueViolation) duplicate key value violates unique constraint "taxi_zone_lookup_pkey"
DETAIL:  Key (locationid)=(1) already exists.

[SQL: INSERT INTO bronze.taxi_zone_lookup (locationid, borough, zone, service_zone) VALUES (%(locationid__0)s, %(borough__0)s, %(zone__0)s, %(service_zone__0)s), (%(locationid__1)s, %(borough__1)s, %(zone__1)s, %(service_zone__1)s), (%(locationid__2)s, %(b ... 20228 characters truncated ... (service_zone__263)s), (%(locationid__264)s, %(borough__264)s, %(zone__264)s, %(service_zone__264)s)]
[parameters: {'borough__0': 'EWR', 'service_zone__0': 'EWR', 'zone__0': 'Newark Airport', 'locationid__0': 1, 'borough__1': 'Queens', 'service_zone__1': 'Boro Zone', 'zone__1': 'Jamaica Bay', 'locationid__1': 2, 'borough__2': 'Bronx', 'service_zone__2': 'Boro Zone', 'zone__2': 'Allerton/Pelham Gardens', 'locationid__2': 3, 'borough__3': 'Manhattan', 'service_zone__3': 'Yellow Zone', 'zone__3': 'Alphabet City', 'locationid__3': 4, 'borough__4': 'Staten Island', 'service_zone__4': 'Boro Zone', 'zone__4': 'Arden Heights', 'locationid__4': 5, 'borough__5': 'Staten Island', 'service_zone__5': 'Boro Zone', 'zone__5': 'Arrochar/Fort Wadsworth', 'locationid__5': 6, 'borough__6': 'Queens', 'service_zone__6': 'Boro Zone', 'zone__6': 'Astoria', 'locationid__6': 7, 'borough__7': 'Queens', 'service_zone__7': 'Boro Zone', 'zone__7': 'Astoria Park', 'locationid__7': 8, 'borough__8': 'Queens', 'service_zone__8': 'Boro Zone', 'zone__8': 'Auburndale', 'locationid__8': 9, 'borough__9': 'Queens', 'service_zone__9': 'Boro Zone', 'zone__9': 'Baisley Park', 'locationid__9': 10, 'borough__10': 'Brooklyn', 'service_zone__10': 'Boro Zone', 'zone__10': 'Bath Beach', 'locationid__10': 11, 'borough__11': 'Manhattan', 'service_zone__11': 'Yellow Zone', 'zone__11': 'Battery Park', 'locationid__11': 12, 'borough__12': 'Manhattan', 'service_zone__12': 'Yellow Zone' ... 960 parameters truncated ... 'zone__252': 'Willets Point', 'locationid__252': 253, 'borough__253': 'Bronx', 'service_zone__253': 'Boro Zone', 'zone__253': 'Williamsbridge/Olinville', 'locationid__253': 254, 'borough__254': 'Brooklyn', 'service_zone__254': 'Boro Zone', 'zone__254': 'Williamsburg (North Side)', 'locationid__254': 255, 'borough__255': 'Brooklyn', 'service_zone__255': 'Boro Zone', 'zone__255': 'Williamsburg (South Side)', 'locationid__255': 256, 'borough__256': 'Brooklyn', 'service_zone__256': 'Boro Zone', 'zone__256': 'Windsor Terrace', 'locationid__256': 257, 'borough__257': 'Queens', 'service_zone__257': 'Boro Zone', 'zone__257': 'Woodhaven', 'locationid__257': 258, 'borough__258': 'Bronx', 'service_zone__258': 'Boro Zone', 'zone__258': 'Woodlawn/Wakefield', 'locationid__258': 259, 'borough__259': 'Queens', 'service_zone__259': 'Boro Zone', 'zone__259': 'Woodside', 'locationid__259': 260, 'borough__260': 'Manhattan', 'service_zone__260': 'Yellow Zone', 'zone__260': 'World Trade Center', 'locationid__260': 261, 'borough__261': 'Manhattan', 'service_zone__261': 'Yellow Zone', 'zone__261': 'Yorkville East', 'locationid__261': 262, 'borough__262': 'Manhattan', 'service_zone__262': 'Yellow Zone', 'zone__262': 'Yorkville West', 'locationid__262': 263, 'borough__263': 'Unknown', 'service_zone__263': None, 'zone__263': None, 'locationid__263': 264, 'borough__264': None, 'service_zone__264': None, 'zone__264': 'Outside of NYC', 'locationid__264': 265}]
(Background on this error at: https://sqlalche.me/e/20/gkpj)
2026-07-04 14:49:48 ERROR main exited with status=1 after 140s
2026-07-04 14:58:38 PIPELINE START
2026-07-04 14:58:38 START main
✅[OK] === Database connection established ===
✅[OK] === File berhasil dimuat: yellow_tripdata_2026-01.parquet ===
✅[OK] === Data berhasil dimuat ke tabel bronze.yellow_taxi_trip ===
✅[OK] === File berhasil dimuat: taxi_zone_lookup_table.csv ===
✅[OK] === Data berhasil dimuat ke tabel bronze.taxi_zone_lookup ===
2026-07-04 15:00:51 END   main duration=133s
2026-07-04 15:00:51 PIPELINE COMPLETE
2026-07-04 18:13:36 PIPELINE START
2026-07-04 18:13:36 START main
✅[OK] === Database connection established ===
⏳[START] === Extract parquet dimulai: yellow_tripdata_2026-01.parquet ===
✅[OK] === File berhasil dimuat: yellow_tripdata_2026-01.parquet ===
✅[OK] === Extract parquet selesai | rows: 3724889 | duration: 0.34s ===
⏳[START] === Load bronze dimulai | table: bronze.yellow_taxi_trip | rows: 3724889 ===
✅[OK] === Data berhasil dimuat ke tabel bronze.yellow_taxi_trip ===
✅[OK] === Proses load bronze selesai | table: bronze.yellow_taxi_trip | total rows: 3724889 | duration: 133.99s ===
⏳[START] === Extract csv dimulai: taxi_zone_lookup_table.csv ===
✅[OK] === File berhasil dimuat: taxi_zone_lookup_table.csv ===
✅[OK] === Extract csv selesai | rows: 265 | duration: 0.02s ===
⏳[START] === Load bronze dimulai | table: bronze.taxi_zone_lookup | rows: 265 ===
✅[OK] === Data berhasil dimuat ke tabel bronze.taxi_zone_lookup ===
✅[OK] === Proses load bronze selesai | table: bronze.taxi_zone_lookup | total rows: 265 | duration: 0.04s ===
⏳[START] === Transform dan Load SQL dimulai: sql/init/02_transform_and_load_silver.sql ===
✅[OK] === Transform dan Load SQL berhasil dijalankan: sql/init/02_transform_and_load_silver.sql | duration: 15.43s ===
2026-07-04 18:16:07 END   main duration=151s
2026-07-04 18:16:07 PIPELINE COMPLETE
2026-07-05 11:59:44 PIPELINE START
2026-07-05 11:59:44 START main
✅[OK] === Database connection established ===
⏳[START] === Extract csv dimulai: taxi_zone_lookup_table.csv ===
✅[OK] === File berhasil dimuat: taxi_zone_lookup_table.csv ===
✅[OK] === Extract csv selesai | rows: 265 | duration: 0.00s ===
⏳[START] === Load bronze dimulai | table: bronze.raw_taxi_zone_lookup | rows: 265 ===
✅[OK] === Data berhasil dimuat ke tabel bronze.raw_taxi_zone_lookup ===
✅[OK] === Proses load bronze selesai | table: bronze.raw_taxi_zone_lookup | total rows: 265 | duration: 0.02s ===
⏳[START] === Extract parquet dimulai: yellow_tripdata_2026-01.parquet ===
✅[OK] === File berhasil dimuat: yellow_tripdata_2026-01.parquet ===
✅[OK] === Extract parquet selesai | rows: 3724889 | duration: 0.25s ===
⏳[START] === Load bronze dimulai | table: bronze.raw_yellow_taxi_trip | rows: 3724889 ===
✅[OK] === Data berhasil dimuat ke tabel bronze.raw_yellow_taxi_trip ===
✅[OK] === Proses load bronze selesai | table: bronze.raw_yellow_taxi_trip | total rows: 3724889 | duration: 145.52s ===
⏳[START] === Transform dan Load SQL dimulai: sql/init/02_transform_and_load_silver.sql ===
✅[OK] === Transform dan Load SQL berhasil dijalankan: sql/init/02_transform_and_load_silver.sql | duration: 19.60s ===
2026-07-05 12:02:31 END   main duration=167s
2026-07-05 12:02:31 PIPELINE COMPLETE
2026-07-05 14:31:16 PIPELINE START
2026-07-05 14:31:16 START main
✅[OK] === Database connection established ===
⏳[START] === Extract csv dimulai: taxi_zone_lookup_table.csv ===
✅[OK] === File berhasil dimuat: taxi_zone_lookup_table.csv ===
✅[OK] === Extract csv selesai | rows: 265 | duration: 0.01s ===
⏳[START] === Load bronze dimulai | table: bronze.raw_taxi_zone_lookup | rows: 265 ===
✅[OK] === Data berhasil dimuat ke tabel bronze.raw_taxi_zone_lookup ===
✅[OK] === Proses load bronze selesai | table: bronze.raw_taxi_zone_lookup | total rows: 265 | duration: 0.09s ===
⏳[START] === Extract parquet dimulai: yellow_tripdata_2026-01.parquet ===
✅[OK] === File berhasil dimuat: yellow_tripdata_2026-01.parquet ===
✅[OK] === Extract parquet selesai | rows: 3724889 | duration: 0.35s ===
⏳[START] === Load bronze dimulai | table: bronze.raw_yellow_taxi_trip | rows: 3724889 ===
✅[OK] === Data berhasil dimuat ke tabel bronze.raw_yellow_taxi_trip ===
✅[OK] === Proses load bronze selesai | table: bronze.raw_yellow_taxi_trip | total rows: 3724889 | duration: 154.83s ===
⏳[START] === Transform dan Load SQL dimulai: sql/init/02_transform_and_load_silver.sql ===
✅[OK] === Transform dan Load SQL berhasil dijalankan: sql/init/02_transform_and_load_silver.sql | duration: 10.78s ===
⏳[START] === Transform dan Load SQL dimulai: sql/init/03_create_gold_data_mart.sql ===
✅[OK] === Transform dan Load SQL berhasil dijalankan: sql/init/03_create_gold_data_mart.sql | duration: 0.81s ===
2026-07-05 14:40:00 END   main duration=524s
2026-07-05 14:40:00 PIPELINE COMPLETE
